{
  "version": "1.5.0",
  "plugins_used": [
    {
      "name": "ArtifactoryDetector"
    },
    {
      "name": "AWSKeyDetector"
    },
    {
      "name": "AzureStorageKeyDetector"
    },
    {
      "name": "Base64HighEntropyString",
      "limit": 4.5
    },
    {
      "name": "BasicAuthDetector"
    },
    {
      "name": "CloudantDetector"
    },
    {
      "name": "DiscordBotTokenDetector"
    },
    {
      "name": "GitHubTokenDetector"
    },
    {
      "name": "GitLabTokenDetector"
    },
    {
      "name": "HexHighEntropyString",
      "limit": 3.0
    },
    {
      "name": "IbmCloudIamDetector"
    },
    {
      "name": "IbmCosHmacDetector"
    },
    {
      "name": "IPPublicDetector"
    },
    {
      "name": "JwtTokenDetector"
    },
    {
      "name": "KeywordDetector",
      "keyword_exclude": ""
    },
    {
      "name": "MailchimpDetector"
    },
    {
      "name": "NpmDetector"
    },
    {
      "name": "OpenAIDetector"
    },
    {
      "name": "PrivateKeyDetector"
    },
    {
      "name": "PypiTokenDetector"
    },
    {
      "name": "SendGridDetector"
    },
    {
      "name": "SlackDetector"
    },
    {
      "name": "SoftlayerDetector"
    },
    {
      "name": "SquareOAuthDetector"
    },
    {
      "name": "StripeDetector"
    },
    {
      "name": "TelegramBotTokenDetector"
    },
    {
      "name": "TwilioKeyDetector"
    }
  ],
  "filters_used": [
    {
      "path": "detect_secrets.filters.allowlist.is_line_allowlisted"
    },
    {
      "path": "detect_secrets.filters.common.is_baseline_file",
      "filename": ".secrets.baseline"
    },
    {
      "path": "detect_secrets.filters.common.is_ignored_due_to_verification_policies",
      "min_level": 2
    },
    {
      "path": "detect_secrets.filters.heuristic.is_indirect_reference"
    },
    {
      "path": "detect_secrets.filters.heuristic.is_likely_id_string"
    },
    {
      "path": "detect_secrets.filters.heuristic.is_lock_file"
    },
    {
      "path": "detect_secrets.filters.heuristic.is_not_alphanumeric_string"
    },
    {
      "path": "detect_secrets.filters.heuristic.is_potential_uuid"
    },
    {
      "path": "detect_secrets.filters.heuristic.is_prefixed_with_dollar_sign"
    },
    {
      "path": "detect_secrets.filters.heuristic.is_sequential_string"
    },
    {
      "path": "detect_secrets.filters.heuristic.is_swagger_file"
    },
    {
      "path": "detect_secrets.filters.heuristic.is_templated_secret"
    }
  ],
  "results": {
    ".specstory/history/2024-12-17_13-58-debugging-mlflow-test-failures-in-trading-bot.md": [
      {
        "type": "Base64 High Entropy String",
        "filename": ".specstory/history/2024-12-17_13-58-debugging-mlflow-test-failures-in-trading-bot.md",
        "hashed_secret": "ca7d248496772ff2935799bb7e1d66f5992b315a",
        "is_verified": false,
        "line_number": 74
      },
      {
        "type": "Base64 High Entropy String",
        "filename": ".specstory/history/2024-12-17_13-58-debugging-mlflow-test-failures-in-trading-bot.md",
        "hashed_secret": "c2f4fae44ff68308a7eafd3517da0be733160e16",
        "is_verified": false,
        "line_number": 75
      },
      {
        "type": "Base64 High Entropy String",
        "filename": ".specstory/history/2024-12-17_13-58-debugging-mlflow-test-failures-in-trading-bot.md",
        "hashed_secret": "10a8db91c168eb5804746197aaf836ec25d35d11",
        "is_verified": false,
        "line_number": 76
      },
      {
        "type": "Base64 High Entropy String",
        "filename": ".specstory/history/2024-12-17_13-58-debugging-mlflow-test-failures-in-trading-bot.md",
        "hashed_secret": "2da0659922a654e13c30b0477c915cafb068be29",
        "is_verified": false,
        "line_number": 77
      },
      {
        "type": "Base64 High Entropy String",
        "filename": ".specstory/history/2024-12-17_13-58-debugging-mlflow-test-failures-in-trading-bot.md",
        "hashed_secret": "427d9d5a74f1981ba69649a162cf469f9fab4cac",
        "is_verified": false,
        "line_number": 78
      }
    ],
    ".specstory/history/2024-12-18_17-29-mlflow-run-lifecycle-issue-resolution.md": [
      {
        "type": "Base64 High Entropy String",
        "filename": ".specstory/history/2024-12-18_17-29-mlflow-run-lifecycle-issue-resolution.md",
        "hashed_secret": "820fcf3dd861c99a0f183fe8bacf3124153622d3",
        "is_verified": false,
        "line_number": 13548
      }
    ],
    ".specstory/history/2024-12-19_16-34-mlflow-testing-and-risk-management-improvements.md": [
      {
        "type": "Base64 High Entropy String",
        "filename": ".specstory/history/2024-12-19_16-34-mlflow-testing-and-risk-management-improvements.md",
        "hashed_secret": "820fcf3dd861c99a0f183fe8bacf3124153622d3",
        "is_verified": false,
        "line_number": 139
      },
      {
        "type": "Hex High Entropy String",
        "filename": ".specstory/history/2024-12-19_16-34-mlflow-testing-and-risk-management-improvements.md",
        "hashed_secret": "1cf8f177a27aa6e9b4341566ff7be85b9b807a53",
        "is_verified": false,
        "line_number": 4661
      },
      {
        "type": "Base64 High Entropy String",
        "filename": ".specstory/history/2024-12-19_16-34-mlflow-testing-and-risk-management-improvements.md",
        "hashed_secret": "ce41501958e13d30bf7f15581c2986b3e42baaa6",
        "is_verified": false,
        "line_number": 4661
      }
    ],
    ".specstory/history/2024-12-19_21-23-mlflow-experiment-error-resolution.md": [
      {
        "type": "Hex High Entropy String",
        "filename": ".specstory/history/2024-12-19_21-23-mlflow-experiment-error-resolution.md",
        "hashed_secret": "7e364a0b23c3f2e60122ca104a27c9c14da48347",
        "is_verified": false,
        "line_number": 13
      }
    ],
    "config/deployment.yaml": [
      {
        "type": "Secret Keyword",
        "filename": "config/deployment.yaml",
        "hashed_secret": "ae9b7acd9570c9a15caf041b7d8edc28f71980aa",
        "is_verified": false,
        "line_number": 35
      },
      {
        "type": "Secret Keyword",
        "filename": "config/deployment.yaml",
        "hashed_secret": "55e3cc3a58f1716c352d9f6c352d4025172dee02",
        "is_verified": false,
        "line_number": 36
      },
      {
        "type": "Secret Keyword",
        "filename": "config/deployment.yaml",
        "hashed_secret": "08fff56a82bd049679e47d512a9c9b3afc6012e7",
        "is_verified": false,
        "line_number": 47
      },
      {
        "type": "Secret Keyword",
        "filename": "config/deployment.yaml",
        "hashed_secret": "6c652251739e579a81823d54204bab2b9cdc1c85",
        "is_verified": false,
        "line_number": 48
      }
    ],
    "deployment/secrets/config_resolver.py": [
      {
        "type": "Secret Keyword",
        "filename": "deployment/secrets/config_resolver.py",
        "hashed_secret": "ae9b7acd9570c9a15caf041b7d8edc28f71980aa",
        "is_verified": false,
        "line_number": 12
      },
      {
        "type": "Secret Keyword",
        "filename": "deployment/secrets/config_resolver.py",
        "hashed_secret": "55e3cc3a58f1716c352d9f6c352d4025172dee02",
        "is_verified": false,
        "line_number": 13
      }
    ],
    "deployment/secrets/secret_provider.py": [
      {
        "type": "Secret Keyword",
        "filename": "deployment/secrets/secret_provider.py",
        "hashed_secret": "ae9b7acd9570c9a15caf041b7d8edc28f71980aa",
        "is_verified": false,
        "line_number": 17
      },
      {
        "type": "Secret Keyword",
        "filename": "deployment/secrets/secret_provider.py",
        "hashed_secret": "c857e20ffeca0b6f8cc45d23c470ffee77e0ab08",
        "is_verified": false,
        "line_number": 19
      },
      {
        "type": "Secret Keyword",
        "filename": "deployment/secrets/secret_provider.py",
        "hashed_secret": "f04a07abc612388d70e270d19f9f5db7a27290fc",
        "is_verified": false,
        "line_number": 124
      }
    ],
    "docs/phase6/week58.md": [
      {
        "type": "Secret Keyword",
        "filename": "docs/phase6/week58.md",
        "hashed_secret": "ae9b7acd9570c9a15caf041b7d8edc28f71980aa",
        "is_verified": false,
        "line_number": 26
      }
    ],
    "ray_results/ppo_hyperopt/train_func_2acdf_00000_0_2025-03-04_17-51-10/params.json": [
      {
        "type": "Base64 High Entropy String",
        "filename": "ray_results/ppo_hyperopt/train_func_2acdf_00000_0_2025-03-04_17-51-10/params.json",
        "hashed_secret": "63b54536a01a98595c7abbf99ab5159fda134f45",
        "is_verified": false,
        "line_number": 25
      }
    ],
    "ray_results/ppo_hyperopt/train_func_2acdf_00001_1_2025-03-04_17-51-11/params.json": [
      {
        "type": "Base64 High Entropy String",
        "filename": "ray_results/ppo_hyperopt/train_func_2acdf_00001_1_2025-03-04_17-51-11/params.json",
        "hashed_secret": "63b54536a01a98595c7abbf99ab5159fda134f45",
        "is_verified": false,
        "line_number": 25
      }
    ],
    "ray_results/ppo_hyperopt/train_func_2acdf_00002_2_2025-03-04_17-51-11/params.json": [
      {
        "type": "Base64 High Entropy String",
        "filename": "ray_results/ppo_hyperopt/train_func_2acdf_00002_2_2025-03-04_17-51-11/params.json",
        "hashed_secret": "63b54536a01a98595c7abbf99ab5159fda134f45",
        "is_verified": false,
        "line_number": 25
      }
    ],
    "ray_results/ppo_hyperopt/train_func_2acdf_00003_3_2025-03-04_17-51-11/params.json": [
      {
        "type": "Base64 High Entropy String",
        "filename": "ray_results/ppo_hyperopt/train_func_2acdf_00003_3_2025-03-04_17-51-11/params.json",
        "hashed_secret": "63b54536a01a98595c7abbf99ab5159fda134f45",
        "is_verified": false,
        "line_number": 25
      }
    ],
    "ray_results/ppo_hyperopt/train_func_2acdf_00004_4_2025-03-04_17-51-11/params.json": [
      {
        "type": "Base64 High Entropy String",
        "filename": "ray_results/ppo_hyperopt/train_func_2acdf_00004_4_2025-03-04_17-51-11/params.json",
        "hashed_secret": "63b54536a01a98595c7abbf99ab5159fda134f45",
        "is_verified": false,
        "line_number": 25
      }
    ],
    "ray_results/ppo_hyperopt/train_func_2acdf_00005_5_2025-03-04_17-51-12/params.json": [
      {
        "type": "Base64 High Entropy String",
        "filename": "ray_results/ppo_hyperopt/train_func_2acdf_00005_5_2025-03-04_17-51-12/params.json",
        "hashed_secret": "63b54536a01a98595c7abbf99ab5159fda134f45",
        "is_verified": false,
        "line_number": 25
      }
    ],
    "ray_results/ppo_hyperopt/train_func_2acdf_00006_6_2025-03-04_17-51-12/params.json": [
      {
        "type": "Base64 High Entropy String",
        "filename": "ray_results/ppo_hyperopt/train_func_2acdf_00006_6_2025-03-04_17-51-12/params.json",
        "hashed_secret": "63b54536a01a98595c7abbf99ab5159fda134f45",
        "is_verified": false,
        "line_number": 25
      }
    ],
    "ray_results/ppo_hyperopt/train_func_2acdf_00007_7_2025-03-04_17-51-12/params.json": [
      {
        "type": "Base64 High Entropy String",
        "filename": "ray_results/ppo_hyperopt/train_func_2acdf_00007_7_2025-03-04_17-51-12/params.json",
        "hashed_secret": "63b54536a01a98595c7abbf99ab5159fda134f45",
        "is_verified": false,
        "line_number": 25
      }
    ],
    "ray_results/ppo_hyperopt/train_func_2acdf_00008_8_2025-03-04_17-51-12/params.json": [
      {
        "type": "Base64 High Entropy String",
        "filename": "ray_results/ppo_hyperopt/train_func_2acdf_00008_8_2025-03-04_17-51-12/params.json",
        "hashed_secret": "63b54536a01a98595c7abbf99ab5159fda134f45",
        "is_verified": false,
        "line_number": 25
      }
    ],
    "ray_results/ppo_hyperopt/train_func_2acdf_00009_9_2025-03-04_17-51-12/params.json": [
      {
        "type": "Base64 High Entropy String",
        "filename": "ray_results/ppo_hyperopt/train_func_2acdf_00009_9_2025-03-04_17-51-12/params.json",
        "hashed_secret": "63b54536a01a98595c7abbf99ab5159fda134f45",
        "is_verified": false,
        "line_number": 25
      }
    ],
    "ray_results/ppo_hyperopt/train_func_319c3_00000_0_2025-03-04_20-50-19/params.json": [
      {
        "type": "Base64 High Entropy String",
        "filename": "ray_results/ppo_hyperopt/train_func_319c3_00000_0_2025-03-04_20-50-19/params.json",
        "hashed_secret": "ce8c21794f5c7ba0f8379da8fbab180375cd1e03",
        "is_verified": false,
        "line_number": 25
      }
    ],
    "ray_results/ppo_hyperopt/train_func_319c3_00001_1_2025-03-04_20-50-19/params.json": [
      {
        "type": "Base64 High Entropy String",
        "filename": "ray_results/ppo_hyperopt/train_func_319c3_00001_1_2025-03-04_20-50-19/params.json",
        "hashed_secret": "ce8c21794f5c7ba0f8379da8fbab180375cd1e03",
        "is_verified": false,
        "line_number": 25
      }
    ],
    "ray_results/ppo_hyperopt/train_func_319c3_00002_2_2025-03-04_20-50-19/params.json": [
      {
        "type": "Base64 High Entropy String",
        "filename": "ray_results/ppo_hyperopt/train_func_319c3_00002_2_2025-03-04_20-50-19/params.json",
        "hashed_secret": "ce8c21794f5c7ba0f8379da8fbab180375cd1e03",
        "is_verified": false,
        "line_number": 25
      }
    ],
    "ray_results/ppo_hyperopt/train_func_319c3_00003_3_2025-03-04_20-50-19/params.json": [
      {
        "type": "Base64 High Entropy String",
        "filename": "ray_results/ppo_hyperopt/train_func_319c3_00003_3_2025-03-04_20-50-19/params.json",
        "hashed_secret": "ce8c21794f5c7ba0f8379da8fbab180375cd1e03",
        "is_verified": false,
        "line_number": 25
      }
    ],
    "ray_results/ppo_hyperopt/train_func_319c3_00004_4_2025-03-04_20-50-19/params.json": [
      {
        "type": "Base64 High Entropy String",
        "filename": "ray_results/ppo_hyperopt/train_func_319c3_00004_4_2025-03-04_20-50-19/params.json",
        "hashed_secret": "ce8c21794f5c7ba0f8379da8fbab180375cd1e03",
        "is_verified": false,
        "line_number": 25
      }
    ],
    "ray_results/ppo_hyperopt/train_func_319c3_00005_5_2025-03-04_20-50-19/params.json": [
      {
        "type": "Base64 High Entropy String",
        "filename": "ray_results/ppo_hyperopt/train_func_319c3_00005_5_2025-03-04_20-50-19/params.json",
        "hashed_secret": "ce8c21794f5c7ba0f8379da8fbab180375cd1e03",
        "is_verified": false,
        "line_number": 25
      }
    ],
    "ray_results/ppo_hyperopt/train_func_319c3_00006_6_2025-03-04_20-50-19/params.json": [
      {
        "type": "Base64 High Entropy String",
        "filename": "ray_results/ppo_hyperopt/train_func_319c3_00006_6_2025-03-04_20-50-19/params.json",
        "hashed_secret": "ce8c21794f5c7ba0f8379da8fbab180375cd1e03",
        "is_verified": false,
        "line_number": 25
      }
    ],
    "ray_results/ppo_hyperopt/train_func_319c3_00007_7_2025-03-04_20-50-19/params.json": [
      {
        "type": "Base64 High Entropy String",
        "filename": "ray_results/ppo_hyperopt/train_func_319c3_00007_7_2025-03-04_20-50-19/params.json",
        "hashed_secret": "ce8c21794f5c7ba0f8379da8fbab180375cd1e03",
        "is_verified": false,
        "line_number": 25
      }
    ],
    "ray_results/ppo_hyperopt/train_func_319c3_00008_8_2025-03-04_20-50-19/params.json": [
      {
        "type": "Base64 High Entropy String",
        "filename": "ray_results/ppo_hyperopt/train_func_319c3_00008_8_2025-03-04_20-50-19/params.json",
        "hashed_secret": "ce8c21794f5c7ba0f8379da8fbab180375cd1e03",
        "is_verified": false,
        "line_number": 25
      }
    ],
    "ray_results/ppo_hyperopt/train_func_319c3_00009_9_2025-03-04_20-50-19/params.json": [
      {
        "type": "Base64 High Entropy String",
        "filename": "ray_results/ppo_hyperopt/train_func_319c3_00009_9_2025-03-04_20-50-19/params.json",
        "hashed_secret": "ce8c21794f5c7ba0f8379da8fbab180375cd1e03",
        "is_verified": false,
        "line_number": 25
      }
    ],
    "ray_results/ppo_hyperopt/train_func_3b73c_00000_0_2025-03-04_13-55-25/params.json": [
      {
        "type": "Base64 High Entropy String",
        "filename": "ray_results/ppo_hyperopt/train_func_3b73c_00000_0_2025-03-04_13-55-25/params.json",
        "hashed_secret": "20872f2ae0ff4705a4a165cf7a25abf185e13d16",
        "is_verified": false,
        "line_number": 25
      }
    ],
    "ray_results/ppo_hyperopt/train_func_3b73c_00001_1_2025-03-04_13-55-25/params.json": [
      {
        "type": "Base64 High Entropy String",
        "filename": "ray_results/ppo_hyperopt/train_func_3b73c_00001_1_2025-03-04_13-55-25/params.json",
        "hashed_secret": "20872f2ae0ff4705a4a165cf7a25abf185e13d16",
        "is_verified": false,
        "line_number": 25
      }
    ],
    "ray_results/ppo_hyperopt/train_func_3b73c_00002_2_2025-03-04_13-55-25/params.json": [
      {
        "type": "Base64 High Entropy String",
        "filename": "ray_results/ppo_hyperopt/train_func_3b73c_00002_2_2025-03-04_13-55-25/params.json",
        "hashed_secret": "20872f2ae0ff4705a4a165cf7a25abf185e13d16",
        "is_verified": false,
        "line_number": 25
      }
    ],
    "ray_results/ppo_hyperopt/train_func_3b73c_00003_3_2025-03-04_13-55-26/params.json": [
      {
        "type": "Base64 High Entropy String",
        "filename": "ray_results/ppo_hyperopt/train_func_3b73c_00003_3_2025-03-04_13-55-26/params.json",
        "hashed_secret": "20872f2ae0ff4705a4a165cf7a25abf185e13d16",
        "is_verified": false,
        "line_number": 25
      }
    ],
    "ray_results/ppo_hyperopt/train_func_3b73c_00004_4_2025-03-04_13-55-26/params.json": [
      {
        "type": "Base64 High Entropy String",
        "filename": "ray_results/ppo_hyperopt/train_func_3b73c_00004_4_2025-03-04_13-55-26/params.json",
        "hashed_secret": "20872f2ae0ff4705a4a165cf7a25abf185e13d16",
        "is_verified": false,
        "line_number": 25
      }
    ],
    "ray_results/ppo_hyperopt/train_func_3b73c_00005_5_2025-03-04_13-55-26/params.json": [
      {
        "type": "Base64 High Entropy String",
        "filename": "ray_results/ppo_hyperopt/train_func_3b73c_00005_5_2025-03-04_13-55-26/params.json",
        "hashed_secret": "20872f2ae0ff4705a4a165cf7a25abf185e13d16",
        "is_verified": false,
        "line_number": 25
      }
    ],
    "ray_results/ppo_hyperopt/train_func_3b73c_00006_6_2025-03-04_13-55-26/params.json": [
      {
        "type": "Base64 High Entropy String",
        "filename": "ray_results/ppo_hyperopt/train_func_3b73c_00006_6_2025-03-04_13-55-26/params.json",
        "hashed_secret": "20872f2ae0ff4705a4a165cf7a25abf185e13d16",
        "is_verified": false,
        "line_number": 25
      }
    ],
    "ray_results/ppo_hyperopt/train_func_3b73c_00007_7_2025-03-04_13-55-26/params.json": [
      {
        "type": "Base64 High Entropy String",
        "filename": "ray_results/ppo_hyperopt/train_func_3b73c_00007_7_2025-03-04_13-55-26/params.json",
        "hashed_secret": "20872f2ae0ff4705a4a165cf7a25abf185e13d16",
        "is_verified": false,
        "line_number": 25
      }
    ],
    "ray_results/ppo_hyperopt/train_func_3b73c_00008_8_2025-03-04_13-55-27/params.json": [
      {
        "type": "Base64 High Entropy String",
        "filename": "ray_results/ppo_hyperopt/train_func_3b73c_00008_8_2025-03-04_13-55-27/params.json",
        "hashed_secret": "20872f2ae0ff4705a4a165cf7a25abf185e13d16",
        "is_verified": false,
        "line_number": 25
      }
    ],
    "ray_results/ppo_hyperopt/train_func_3b73c_00009_9_2025-03-04_13-55-27/params.json": [
      {
        "type": "Base64 High Entropy String",
        "filename": "ray_results/ppo_hyperopt/train_func_3b73c_00009_9_2025-03-04_13-55-27/params.json",
        "hashed_secret": "20872f2ae0ff4705a4a165cf7a25abf185e13d16",
        "is_verified": false,
        "line_number": 25
      }
    ],
    "ray_results/ppo_hyperopt/train_func_59fe6_00000_0_2025-03-05_04-22-25/params.json": [
      {
        "type": "Base64 High Entropy String",
        "filename": "ray_results/ppo_hyperopt/train_func_59fe6_00000_0_2025-03-05_04-22-25/params.json",
        "hashed_secret": "666d542a4f82dfc870d9816e1eddc7aff568b4eb",
        "is_verified": false,
        "line_number": 28
      }
    ],
    "ray_results/ppo_hyperopt/train_func_59fe6_00001_1_2025-03-05_04-22-27/params.json": [
      {
        "type": "Base64 High Entropy String",
        "filename": "ray_results/ppo_hyperopt/train_func_59fe6_00001_1_2025-03-05_04-22-27/params.json",
        "hashed_secret": "666d542a4f82dfc870d9816e1eddc7aff568b4eb",
        "is_verified": false,
        "line_number": 28
      }
    ],
    "ray_results/ppo_hyperopt/train_func_59fe6_00002_2_2025-03-05_04-22-27/params.json": [
      {
        "type": "Base64 High Entropy String",
        "filename": "ray_results/ppo_hyperopt/train_func_59fe6_00002_2_2025-03-05_04-22-27/params.json",
        "hashed_secret": "666d542a4f82dfc870d9816e1eddc7aff568b4eb",
        "is_verified": false,
        "line_number": 28
      }
    ],
    "ray_results/ppo_hyperopt/train_func_59fe6_00003_3_2025-03-05_04-22-28/params.json": [
      {
        "type": "Base64 High Entropy String",
        "filename": "ray_results/ppo_hyperopt/train_func_59fe6_00003_3_2025-03-05_04-22-28/params.json",
        "hashed_secret": "666d542a4f82dfc870d9816e1eddc7aff568b4eb",
        "is_verified": false,
        "line_number": 28
      }
    ],
    "ray_results/ppo_hyperopt/train_func_59fe6_00004_4_2025-03-05_04-22-28/params.json": [
      {
        "type": "Base64 High Entropy String",
        "filename": "ray_results/ppo_hyperopt/train_func_59fe6_00004_4_2025-03-05_04-22-28/params.json",
        "hashed_secret": "666d542a4f82dfc870d9816e1eddc7aff568b4eb",
        "is_verified": false,
        "line_number": 28
      }
    ],
    "ray_results/ppo_hyperopt/train_func_59fe6_00005_5_2025-03-05_04-22-29/params.json": [
      {
        "type": "Base64 High Entropy String",
        "filename": "ray_results/ppo_hyperopt/train_func_59fe6_00005_5_2025-03-05_04-22-29/params.json",
        "hashed_secret": "666d542a4f82dfc870d9816e1eddc7aff568b4eb",
        "is_verified": false,
        "line_number": 28
      }
    ],
    "ray_results/ppo_hyperopt/train_func_59fe6_00006_6_2025-03-05_04-22-29/params.json": [
      {
        "type": "Base64 High Entropy String",
        "filename": "ray_results/ppo_hyperopt/train_func_59fe6_00006_6_2025-03-05_04-22-29/params.json",
        "hashed_secret": "666d542a4f82dfc870d9816e1eddc7aff568b4eb",
        "is_verified": false,
        "line_number": 28
      }
    ],
    "ray_results/ppo_hyperopt/train_func_59fe6_00007_7_2025-03-05_04-22-30/params.json": [
      {
        "type": "Base64 High Entropy String",
        "filename": "ray_results/ppo_hyperopt/train_func_59fe6_00007_7_2025-03-05_04-22-30/params.json",
        "hashed_secret": "666d542a4f82dfc870d9816e1eddc7aff568b4eb",
        "is_verified": false,
        "line_number": 28
      }
    ],
    "ray_results/ppo_hyperopt/train_func_59fe6_00008_8_2025-03-05_04-22-30/params.json": [
      {
        "type": "Base64 High Entropy String",
        "filename": "ray_results/ppo_hyperopt/train_func_59fe6_00008_8_2025-03-05_04-22-30/params.json",
        "hashed_secret": "666d542a4f82dfc870d9816e1eddc7aff568b4eb",
        "is_verified": false,
        "line_number": 28
      }
    ],
    "ray_results/ppo_hyperopt/train_func_59fe6_00009_9_2025-03-05_04-22-31/params.json": [
      {
        "type": "Base64 High Entropy String",
        "filename": "ray_results/ppo_hyperopt/train_func_59fe6_00009_9_2025-03-05_04-22-31/params.json",
        "hashed_secret": "666d542a4f82dfc870d9816e1eddc7aff568b4eb",
        "is_verified": false,
        "line_number": 28
      }
    ],
    "ray_results/ppo_hyperopt/train_func_5ab5a_00000_0_2025-03-04_17-59-40/params.json": [
      {
        "type": "Base64 High Entropy String",
        "filename": "ray_results/ppo_hyperopt/train_func_5ab5a_00000_0_2025-03-04_17-59-40/params.json",
        "hashed_secret": "e8ea29f4f2e08a4fc4920e84925d0edfa44cba08",
        "is_verified": false,
        "line_number": 25
      }
    ],
    "ray_results/ppo_hyperopt/train_func_5ab5a_00001_1_2025-03-04_17-59-40/params.json": [
      {
        "type": "Base64 High Entropy String",
        "filename": "ray_results/ppo_hyperopt/train_func_5ab5a_00001_1_2025-03-04_17-59-40/params.json",
        "hashed_secret": "e8ea29f4f2e08a4fc4920e84925d0edfa44cba08",
        "is_verified": false,
        "line_number": 25
      }
    ],
    "ray_results/ppo_hyperopt/train_func_5ab5a_00002_2_2025-03-04_17-59-40/params.json": [
      {
        "type": "Base64 High Entropy String",
        "filename": "ray_results/ppo_hyperopt/train_func_5ab5a_00002_2_2025-03-04_17-59-40/params.json",
        "hashed_secret": "e8ea29f4f2e08a4fc4920e84925d0edfa44cba08",
        "is_verified": false,
        "line_number": 25
      }
    ],
    "ray_results/ppo_hyperopt/train_func_5ab5a_00003_3_2025-03-04_17-59-40/params.json": [
      {
        "type": "Base64 High Entropy String",
        "filename": "ray_results/ppo_hyperopt/train_func_5ab5a_00003_3_2025-03-04_17-59-40/params.json",
        "hashed_secret": "e8ea29f4f2e08a4fc4920e84925d0edfa44cba08",
        "is_verified": false,
        "line_number": 25
      }
    ],
    "ray_results/ppo_hyperopt/train_func_5ab5a_00004_4_2025-03-04_17-59-40/params.json": [
      {
        "type": "Base64 High Entropy String",
        "filename": "ray_results/ppo_hyperopt/train_func_5ab5a_00004_4_2025-03-04_17-59-40/params.json",
        "hashed_secret": "e8ea29f4f2e08a4fc4920e84925d0edfa44cba08",
        "is_verified": false,
        "line_number": 25
      }
    ],
    "ray_results/ppo_hyperopt/train_func_5ab5a_00005_5_2025-03-04_17-59-40/params.json": [
      {
        "type": "Base64 High Entropy String",
        "filename": "ray_results/ppo_hyperopt/train_func_5ab5a_00005_5_2025-03-04_17-59-40/params.json",
        "hashed_secret": "e8ea29f4f2e08a4fc4920e84925d0edfa44cba08",
        "is_verified": false,
        "line_number": 25
      }
    ],
    "ray_results/ppo_hyperopt/train_func_5ab5a_00006_6_2025-03-04_17-59-40/params.json": [
      {
        "type": "Base64 High Entropy String",
        "filename": "ray_results/ppo_hyperopt/train_func_5ab5a_00006_6_2025-03-04_17-59-40/params.json",
        "hashed_secret": "e8ea29f4f2e08a4fc4920e84925d0edfa44cba08",
        "is_verified": false,
        "line_number": 25
      }
    ],
    "ray_results/ppo_hyperopt/train_func_5ab5a_00007_7_2025-03-04_17-59-40/params.json": [
      {
        "type": "Base64 High Entropy String",
        "filename": "ray_results/ppo_hyperopt/train_func_5ab5a_00007_7_2025-03-04_17-59-40/params.json",
        "hashed_secret": "e8ea29f4f2e08a4fc4920e84925d0edfa44cba08",
        "is_verified": false,
        "line_number": 25
      }
    ],
    "ray_results/ppo_hyperopt/train_func_5ab5a_00008_8_2025-03-04_17-59-40/params.json": [
      {
        "type": "Base64 High Entropy String",
        "filename": "ray_results/ppo_hyperopt/train_func_5ab5a_00008_8_2025-03-04_17-59-40/params.json",
        "hashed_secret": "e8ea29f4f2e08a4fc4920e84925d0edfa44cba08",
        "is_verified": false,
        "line_number": 25
      }
    ],
    "ray_results/ppo_hyperopt/train_func_5ab5a_00009_9_2025-03-04_17-59-40/params.json": [
      {
        "type": "Base64 High Entropy String",
        "filename": "ray_results/ppo_hyperopt/train_func_5ab5a_00009_9_2025-03-04_17-59-40/params.json",
        "hashed_secret": "e8ea29f4f2e08a4fc4920e84925d0edfa44cba08",
        "is_verified": false,
        "line_number": 25
      }
    ],
    "ray_results/ppo_hyperopt/train_func_5f0e6_00000_0_2025-03-04_13-56-25/params.json": [
      {
        "type": "Base64 High Entropy String",
        "filename": "ray_results/ppo_hyperopt/train_func_5f0e6_00000_0_2025-03-04_13-56-25/params.json",
        "hashed_secret": "12b5160dd8bbd236ee411c90266d6f056cf5d085",
        "is_verified": false,
        "line_number": 25
      }
    ],
    "ray_results/ppo_hyperopt/train_func_5f0e6_00001_1_2025-03-04_13-56-25/params.json": [
      {
        "type": "Base64 High Entropy String",
        "filename": "ray_results/ppo_hyperopt/train_func_5f0e6_00001_1_2025-03-04_13-56-25/params.json",
        "hashed_secret": "12b5160dd8bbd236ee411c90266d6f056cf5d085",
        "is_verified": false,
        "line_number": 25
      }
    ],
    "ray_results/ppo_hyperopt/train_func_5f0e6_00002_2_2025-03-04_13-56-25/params.json": [
      {
        "type": "Base64 High Entropy String",
        "filename": "ray_results/ppo_hyperopt/train_func_5f0e6_00002_2_2025-03-04_13-56-25/params.json",
        "hashed_secret": "12b5160dd8bbd236ee411c90266d6f056cf5d085",
        "is_verified": false,
        "line_number": 25
      }
    ],
    "ray_results/ppo_hyperopt/train_func_5f0e6_00003_3_2025-03-04_13-56-25/params.json": [
      {
        "type": "Base64 High Entropy String",
        "filename": "ray_results/ppo_hyperopt/train_func_5f0e6_00003_3_2025-03-04_13-56-25/params.json",
        "hashed_secret": "12b5160dd8bbd236ee411c90266d6f056cf5d085",
        "is_verified": false,
        "line_number": 25
      }
    ],
    "ray_results/ppo_hyperopt/train_func_5f0e6_00004_4_2025-03-04_13-56-26/params.json": [
      {
        "type": "Base64 High Entropy String",
        "filename": "ray_results/ppo_hyperopt/train_func_5f0e6_00004_4_2025-03-04_13-56-26/params.json",
        "hashed_secret": "12b5160dd8bbd236ee411c90266d6f056cf5d085",
        "is_verified": false,
        "line_number": 25
      }
    ],
    "ray_results/ppo_hyperopt/train_func_5f0e6_00005_5_2025-03-04_13-56-26/params.json": [
      {
        "type": "Base64 High Entropy String",
        "filename": "ray_results/ppo_hyperopt/train_func_5f0e6_00005_5_2025-03-04_13-56-26/params.json",
        "hashed_secret": "12b5160dd8bbd236ee411c90266d6f056cf5d085",
        "is_verified": false,
        "line_number": 25
      }
    ],
    "ray_results/ppo_hyperopt/train_func_5f0e6_00006_6_2025-03-04_13-56-26/params.json": [
      {
        "type": "Base64 High Entropy String",
        "filename": "ray_results/ppo_hyperopt/train_func_5f0e6_00006_6_2025-03-04_13-56-26/params.json",
        "hashed_secret": "12b5160dd8bbd236ee411c90266d6f056cf5d085",
        "is_verified": false,
        "line_number": 25
      }
    ],
    "ray_results/ppo_hyperopt/train_func_5f0e6_00007_7_2025-03-04_13-56-26/params.json": [
      {
        "type": "Base64 High Entropy String",
        "filename": "ray_results/ppo_hyperopt/train_func_5f0e6_00007_7_2025-03-04_13-56-26/params.json",
        "hashed_secret": "12b5160dd8bbd236ee411c90266d6f056cf5d085",
        "is_verified": false,
        "line_number": 25
      }
    ],
    "ray_results/ppo_hyperopt/train_func_5f0e6_00008_8_2025-03-04_13-56-26/params.json": [
      {
        "type": "Base64 High Entropy String",
        "filename": "ray_results/ppo_hyperopt/train_func_5f0e6_00008_8_2025-03-04_13-56-26/params.json",
        "hashed_secret": "12b5160dd8bbd236ee411c90266d6f056cf5d085",
        "is_verified": false,
        "line_number": 25
      }
    ],
    "ray_results/ppo_hyperopt/train_func_5f0e6_00009_9_2025-03-04_13-56-27/params.json": [
      {
        "type": "Base64 High Entropy String",
        "filename": "ray_results/ppo_hyperopt/train_func_5f0e6_00009_9_2025-03-04_13-56-27/params.json",
        "hashed_secret": "12b5160dd8bbd236ee411c90266d6f056cf5d085",
        "is_verified": false,
        "line_number": 25
      }
    ],
    "ray_results/ppo_hyperopt/train_func_70ba5_00000_0_2025-03-04_21-13-34/params.json": [
      {
        "type": "Base64 High Entropy String",
        "filename": "ray_results/ppo_hyperopt/train_func_70ba5_00000_0_2025-03-04_21-13-34/params.json",
        "hashed_secret": "a401f5db97e4925f6951871adb90700560bd6c9f",
        "is_verified": false,
        "line_number": 25
      }
    ],
    "ray_results/ppo_hyperopt/train_func_70ba5_00001_1_2025-03-04_21-13-34/params.json": [
      {
        "type": "Base64 High Entropy String",
        "filename": "ray_results/ppo_hyperopt/train_func_70ba5_00001_1_2025-03-04_21-13-34/params.json",
        "hashed_secret": "a401f5db97e4925f6951871adb90700560bd6c9f",
        "is_verified": false,
        "line_number": 25
      }
    ],
    "ray_results/ppo_hyperopt/train_func_70ba5_00002_2_2025-03-04_21-13-34/params.json": [
      {
        "type": "Base64 High Entropy String",
        "filename": "ray_results/ppo_hyperopt/train_func_70ba5_00002_2_2025-03-04_21-13-34/params.json",
        "hashed_secret": "a401f5db97e4925f6951871adb90700560bd6c9f",
        "is_verified": false,
        "line_number": 25
      }
    ],
    "ray_results/ppo_hyperopt/train_func_70ba5_00003_3_2025-03-04_21-13-35/params.json": [
      {
        "type": "Base64 High Entropy String",
        "filename": "ray_results/ppo_hyperopt/train_func_70ba5_00003_3_2025-03-04_21-13-35/params.json",
        "hashed_secret": "a401f5db97e4925f6951871adb90700560bd6c9f",
        "is_verified": false,
        "line_number": 25
      }
    ],
    "ray_results/ppo_hyperopt/train_func_70ba5_00004_4_2025-03-04_21-13-35/params.json": [
      {
        "type": "Base64 High Entropy String",
        "filename": "ray_results/ppo_hyperopt/train_func_70ba5_00004_4_2025-03-04_21-13-35/params.json",
        "hashed_secret": "a401f5db97e4925f6951871adb90700560bd6c9f",
        "is_verified": false,
        "line_number": 25
      }
    ],
    "ray_results/ppo_hyperopt/train_func_70ba5_00005_5_2025-03-04_21-13-35/params.json": [
      {
        "type": "Base64 High Entropy String",
        "filename": "ray_results/ppo_hyperopt/train_func_70ba5_00005_5_2025-03-04_21-13-35/params.json",
        "hashed_secret": "a401f5db97e4925f6951871adb90700560bd6c9f",
        "is_verified": false,
        "line_number": 25
      }
    ],
    "ray_results/ppo_hyperopt/train_func_70ba5_00006_6_2025-03-04_21-13-35/params.json": [
      {
        "type": "Base64 High Entropy String",
        "filename": "ray_results/ppo_hyperopt/train_func_70ba5_00006_6_2025-03-04_21-13-35/params.json",
        "hashed_secret": "a401f5db97e4925f6951871adb90700560bd6c9f",
        "is_verified": false,
        "line_number": 25
      }
    ],
    "ray_results/ppo_hyperopt/train_func_70ba5_00007_7_2025-03-04_21-13-36/params.json": [
      {
        "type": "Base64 High Entropy String",
        "filename": "ray_results/ppo_hyperopt/train_func_70ba5_00007_7_2025-03-04_21-13-36/params.json",
        "hashed_secret": "a401f5db97e4925f6951871adb90700560bd6c9f",
        "is_verified": false,
        "line_number": 25
      }
    ],
    "ray_results/ppo_hyperopt/train_func_70ba5_00008_8_2025-03-04_21-13-36/params.json": [
      {
        "type": "Base64 High Entropy String",
        "filename": "ray_results/ppo_hyperopt/train_func_70ba5_00008_8_2025-03-04_21-13-36/params.json",
        "hashed_secret": "a401f5db97e4925f6951871adb90700560bd6c9f",
        "is_verified": false,
        "line_number": 25
      }
    ],
    "ray_results/ppo_hyperopt/train_func_70ba5_00009_9_2025-03-04_21-13-36/params.json": [
      {
        "type": "Base64 High Entropy String",
        "filename": "ray_results/ppo_hyperopt/train_func_70ba5_00009_9_2025-03-04_21-13-36/params.json",
        "hashed_secret": "a401f5db97e4925f6951871adb90700560bd6c9f",
        "is_verified": false,
        "line_number": 25
      }
    ],
    "ray_results/ppo_hyperopt/train_func_76b14_00000_0_2025-03-04_20-52-15/params.json": [
      {
        "type": "Base64 High Entropy String",
        "filename": "ray_results/ppo_hyperopt/train_func_76b14_00000_0_2025-03-04_20-52-15/params.json",
        "hashed_secret": "d7356072f58afad7ec345c27125655ed5b8ca81c",
        "is_verified": false,
        "line_number": 25
      }
    ],
    "ray_results/ppo_hyperopt/train_func_76b14_00001_1_2025-03-04_20-52-15/params.json": [
      {
        "type": "Base64 High Entropy String",
        "filename": "ray_results/ppo_hyperopt/train_func_76b14_00001_1_2025-03-04_20-52-15/params.json",
        "hashed_secret": "d7356072f58afad7ec345c27125655ed5b8ca81c",
        "is_verified": false,
        "line_number": 25
      }
    ],
    "ray_results/ppo_hyperopt/train_func_76b14_00002_2_2025-03-04_20-52-15/params.json": [
      {
        "type": "Base64 High Entropy String",
        "filename": "ray_results/ppo_hyperopt/train_func_76b14_00002_2_2025-03-04_20-52-15/params.json",
        "hashed_secret": "d7356072f58afad7ec345c27125655ed5b8ca81c",
        "is_verified": false,
        "line_number": 25
      }
    ],
    "ray_results/ppo_hyperopt/train_func_76b14_00003_3_2025-03-04_20-52-15/params.json": [
      {
        "type": "Base64 High Entropy String",
        "filename": "ray_results/ppo_hyperopt/train_func_76b14_00003_3_2025-03-04_20-52-15/params.json",
        "hashed_secret": "d7356072f58afad7ec345c27125655ed5b8ca81c",
        "is_verified": false,
        "line_number": 25
      }
    ],
    "ray_results/ppo_hyperopt/train_func_76b14_00004_4_2025-03-04_20-52-15/params.json": [
      {
        "type": "Base64 High Entropy String",
        "filename": "ray_results/ppo_hyperopt/train_func_76b14_00004_4_2025-03-04_20-52-15/params.json",
        "hashed_secret": "d7356072f58afad7ec345c27125655ed5b8ca81c",
        "is_verified": false,
        "line_number": 25
      }
    ],
    "ray_results/ppo_hyperopt/train_func_76b14_00005_5_2025-03-04_20-52-15/params.json": [
      {
        "type": "Base64 High Entropy String",
        "filename": "ray_results/ppo_hyperopt/train_func_76b14_00005_5_2025-03-04_20-52-15/params.json",
        "hashed_secret": "d7356072f58afad7ec345c27125655ed5b8ca81c",
        "is_verified": false,
        "line_number": 25
      }
    ],
    "ray_results/ppo_hyperopt/train_func_76b14_00006_6_2025-03-04_20-52-15/params.json": [
      {
        "type": "Base64 High Entropy String",
        "filename": "ray_results/ppo_hyperopt/train_func_76b14_00006_6_2025-03-04_20-52-15/params.json",
        "hashed_secret": "d7356072f58afad7ec345c27125655ed5b8ca81c",
        "is_verified": false,
        "line_number": 25
      }
    ],
    "ray_results/ppo_hyperopt/train_func_76b14_00007_7_2025-03-04_20-52-15/params.json": [
      {
        "type": "Base64 High Entropy String",
        "filename": "ray_results/ppo_hyperopt/train_func_76b14_00007_7_2025-03-04_20-52-15/params.json",
        "hashed_secret": "d7356072f58afad7ec345c27125655ed5b8ca81c",
        "is_verified": false,
        "line_number": 25
      }
    ],
    "ray_results/ppo_hyperopt/train_func_76b14_00008_8_2025-03-04_20-52-15/params.json": [
      {
        "type": "Base64 High Entropy String",
        "filename": "ray_results/ppo_hyperopt/train_func_76b14_00008_8_2025-03-04_20-52-15/params.json",
        "hashed_secret": "d7356072f58afad7ec345c27125655ed5b8ca81c",
        "is_verified": false,
        "line_number": 25
      }
    ],
    "ray_results/ppo_hyperopt/train_func_76b14_00009_9_2025-03-04_20-52-15/params.json": [
      {
        "type": "Base64 High Entropy String",
        "filename": "ray_results/ppo_hyperopt/train_func_76b14_00009_9_2025-03-04_20-52-15/params.json",
        "hashed_secret": "d7356072f58afad7ec345c27125655ed5b8ca81c",
        "is_verified": false,
        "line_number": 25
      }
    ],
    "ray_results/ppo_hyperopt/train_func_80e67_00000_0_2025-03-04_20-52-32/params.json": [
      {
        "type": "Base64 High Entropy String",
        "filename": "ray_results/ppo_hyperopt/train_func_80e67_00000_0_2025-03-04_20-52-32/params.json",
        "hashed_secret": "8ba1a42f028bd6ef7a367ff66d842398423170f2",
        "is_verified": false,
        "line_number": 25
      }
    ],
    "ray_results/ppo_hyperopt/train_func_80e67_00001_1_2025-03-04_20-52-32/params.json": [
      {
        "type": "Base64 High Entropy String",
        "filename": "ray_results/ppo_hyperopt/train_func_80e67_00001_1_2025-03-04_20-52-32/params.json",
        "hashed_secret": "8ba1a42f028bd6ef7a367ff66d842398423170f2",
        "is_verified": false,
        "line_number": 25
      }
    ],
    "ray_results/ppo_hyperopt/train_func_80e67_00002_2_2025-03-04_20-52-32/params.json": [
      {
        "type": "Base64 High Entropy String",
        "filename": "ray_results/ppo_hyperopt/train_func_80e67_00002_2_2025-03-04_20-52-32/params.json",
        "hashed_secret": "8ba1a42f028bd6ef7a367ff66d842398423170f2",
        "is_verified": false,
        "line_number": 25
      }
    ],
    "ray_results/ppo_hyperopt/train_func_80e67_00003_3_2025-03-04_20-52-32/params.json": [
      {
        "type": "Base64 High Entropy String",
        "filename": "ray_results/ppo_hyperopt/train_func_80e67_00003_3_2025-03-04_20-52-32/params.json",
        "hashed_secret": "8ba1a42f028bd6ef7a367ff66d842398423170f2",
        "is_verified": false,
        "line_number": 25
      }
    ],
    "ray_results/ppo_hyperopt/train_func_80e67_00004_4_2025-03-04_20-52-32/params.json": [
      {
        "type": "Base64 High Entropy String",
        "filename": "ray_results/ppo_hyperopt/train_func_80e67_00004_4_2025-03-04_20-52-32/params.json",
        "hashed_secret": "8ba1a42f028bd6ef7a367ff66d842398423170f2",
        "is_verified": false,
        "line_number": 25
      }
    ],
    "ray_results/ppo_hyperopt/train_func_80e67_00005_5_2025-03-04_20-52-32/params.json": [
      {
        "type": "Base64 High Entropy String",
        "filename": "ray_results/ppo_hyperopt/train_func_80e67_00005_5_2025-03-04_20-52-32/params.json",
        "hashed_secret": "8ba1a42f028bd6ef7a367ff66d842398423170f2",
        "is_verified": false,
        "line_number": 25
      }
    ],
    "ray_results/ppo_hyperopt/train_func_80e67_00006_6_2025-03-04_20-52-32/params.json": [
      {
        "type": "Base64 High Entropy String",
        "filename": "ray_results/ppo_hyperopt/train_func_80e67_00006_6_2025-03-04_20-52-32/params.json",
        "hashed_secret": "8ba1a42f028bd6ef7a367ff66d842398423170f2",
        "is_verified": false,
        "line_number": 25
      }
    ],
    "ray_results/ppo_hyperopt/train_func_80e67_00007_7_2025-03-04_20-52-32/params.json": [
      {
        "type": "Base64 High Entropy String",
        "filename": "ray_results/ppo_hyperopt/train_func_80e67_00007_7_2025-03-04_20-52-32/params.json",
        "hashed_secret": "8ba1a42f028bd6ef7a367ff66d842398423170f2",
        "is_verified": false,
        "line_number": 25
      }
    ],
    "ray_results/ppo_hyperopt/train_func_80e67_00008_8_2025-03-04_20-52-32/params.json": [
      {
        "type": "Base64 High Entropy String",
        "filename": "ray_results/ppo_hyperopt/train_func_80e67_00008_8_2025-03-04_20-52-32/params.json",
        "hashed_secret": "8ba1a42f028bd6ef7a367ff66d842398423170f2",
        "is_verified": false,
        "line_number": 25
      }
    ],
    "ray_results/ppo_hyperopt/train_func_80e67_00009_9_2025-03-04_20-52-32/params.json": [
      {
        "type": "Base64 High Entropy String",
        "filename": "ray_results/ppo_hyperopt/train_func_80e67_00009_9_2025-03-04_20-52-32/params.json",
        "hashed_secret": "8ba1a42f028bd6ef7a367ff66d842398423170f2",
        "is_verified": false,
        "line_number": 25
      }
    ],
    "ray_results/ppo_hyperopt/train_func_b046f_00000_0_2025-03-05_04-24-50/params.json": [
      {
        "type": "Base64 High Entropy String",
        "filename": "ray_results/ppo_hyperopt/train_func_b046f_00000_0_2025-03-05_04-24-50/params.json",
        "hashed_secret": "05c1da98ea2bbbb1572734a4f5f15e05ebd354d3",
        "is_verified": false,
        "line_number": 30
      }
    ],
    "ray_results/ppo_hyperopt/train_func_c1e30_00000_0_2025-03-04_17-55-24/params.json": [
      {
        "type": "Base64 High Entropy String",
        "filename": "ray_results/ppo_hyperopt/train_func_c1e30_00000_0_2025-03-04_17-55-24/params.json",
        "hashed_secret": "08b73f4b1e29532d95dac3014cd4fff24418ecca",
        "is_verified": false,
        "line_number": 25
      }
    ],
    "ray_results/ppo_hyperopt/train_func_c1e30_00001_1_2025-03-04_17-55-24/params.json": [
      {
        "type": "Base64 High Entropy String",
        "filename": "ray_results/ppo_hyperopt/train_func_c1e30_00001_1_2025-03-04_17-55-24/params.json",
        "hashed_secret": "08b73f4b1e29532d95dac3014cd4fff24418ecca",
        "is_verified": false,
        "line_number": 25
      }
    ],
    "ray_results/ppo_hyperopt/train_func_c1e30_00002_2_2025-03-04_17-55-24/params.json": [
      {
        "type": "Base64 High Entropy String",
        "filename": "ray_results/ppo_hyperopt/train_func_c1e30_00002_2_2025-03-04_17-55-24/params.json",
        "hashed_secret": "08b73f4b1e29532d95dac3014cd4fff24418ecca",
        "is_verified": false,
        "line_number": 25
      }
    ],
    "ray_results/ppo_hyperopt/train_func_c1e30_00003_3_2025-03-04_17-55-25/params.json": [
      {
        "type": "Base64 High Entropy String",
        "filename": "ray_results/ppo_hyperopt/train_func_c1e30_00003_3_2025-03-04_17-55-25/params.json",
        "hashed_secret": "08b73f4b1e29532d95dac3014cd4fff24418ecca",
        "is_verified": false,
        "line_number": 25
      }
    ],
    "ray_results/ppo_hyperopt/train_func_c1e30_00004_4_2025-03-04_17-55-25/params.json": [
      {
        "type": "Base64 High Entropy String",
        "filename": "ray_results/ppo_hyperopt/train_func_c1e30_00004_4_2025-03-04_17-55-25/params.json",
        "hashed_secret": "08b73f4b1e29532d95dac3014cd4fff24418ecca",
        "is_verified": false,
        "line_number": 25
      }
    ],
    "ray_results/ppo_hyperopt/train_func_c1e30_00005_5_2025-03-04_17-55-25/params.json": [
      {
        "type": "Base64 High Entropy String",
        "filename": "ray_results/ppo_hyperopt/train_func_c1e30_00005_5_2025-03-04_17-55-25/params.json",
        "hashed_secret": "08b73f4b1e29532d95dac3014cd4fff24418ecca",
        "is_verified": false,
        "line_number": 25
      }
    ],
    "ray_results/ppo_hyperopt/train_func_c1e30_00006_6_2025-03-04_17-55-25/params.json": [
      {
        "type": "Base64 High Entropy String",
        "filename": "ray_results/ppo_hyperopt/train_func_c1e30_00006_6_2025-03-04_17-55-25/params.json",
        "hashed_secret": "08b73f4b1e29532d95dac3014cd4fff24418ecca",
        "is_verified": false,
        "line_number": 25
      }
    ],
    "ray_results/ppo_hyperopt/train_func_c1e30_00007_7_2025-03-04_17-55-25/params.json": [
      {
        "type": "Base64 High Entropy String",
        "filename": "ray_results/ppo_hyperopt/train_func_c1e30_00007_7_2025-03-04_17-55-25/params.json",
        "hashed_secret": "08b73f4b1e29532d95dac3014cd4fff24418ecca",
        "is_verified": false,
        "line_number": 25
      }
    ],
    "ray_results/ppo_hyperopt/train_func_c1e30_00008_8_2025-03-04_17-55-26/params.json": [
      {
        "type": "Base64 High Entropy String",
        "filename": "ray_results/ppo_hyperopt/train_func_c1e30_00008_8_2025-03-04_17-55-26/params.json",
        "hashed_secret": "08b73f4b1e29532d95dac3014cd4fff24418ecca",
        "is_verified": false,
        "line_number": 25
      }
    ],
    "ray_results/ppo_hyperopt/train_func_c1e30_00009_9_2025-03-04_17-55-26/params.json": [
      {
        "type": "Base64 High Entropy String",
        "filename": "ray_results/ppo_hyperopt/train_func_c1e30_00009_9_2025-03-04_17-55-26/params.json",
        "hashed_secret": "08b73f4b1e29532d95dac3014cd4fff24418ecca",
        "is_verified": false,
        "line_number": 25
      }
    ],
    "ray_results/ppo_hyperopt/train_func_ccaac_00000_0_2025-03-05_04-18-28/params.json": [
      {
        "type": "Base64 High Entropy String",
        "filename": "ray_results/ppo_hyperopt/train_func_ccaac_00000_0_2025-03-05_04-18-28/params.json",
        "hashed_secret": "7691f3f1acfb7bf27236052fa1370337b8c82579",
        "is_verified": false,
        "line_number": 25
      }
    ],
    "ray_results/ppo_hyperopt/train_func_ccaac_00001_1_2025-03-05_04-18-28/params.json": [
      {
        "type": "Base64 High Entropy String",
        "filename": "ray_results/ppo_hyperopt/train_func_ccaac_00001_1_2025-03-05_04-18-28/params.json",
        "hashed_secret": "7691f3f1acfb7bf27236052fa1370337b8c82579",
        "is_verified": false,
        "line_number": 25
      }
    ],
    "ray_results/ppo_hyperopt/train_func_ccaac_00002_2_2025-03-05_04-18-29/params.json": [
      {
        "type": "Base64 High Entropy String",
        "filename": "ray_results/ppo_hyperopt/train_func_ccaac_00002_2_2025-03-05_04-18-29/params.json",
        "hashed_secret": "7691f3f1acfb7bf27236052fa1370337b8c82579",
        "is_verified": false,
        "line_number": 25
      }
    ],
    "ray_results/ppo_hyperopt/train_func_ccaac_00003_3_2025-03-05_04-18-29/params.json": [
      {
        "type": "Base64 High Entropy String",
        "filename": "ray_results/ppo_hyperopt/train_func_ccaac_00003_3_2025-03-05_04-18-29/params.json",
        "hashed_secret": "7691f3f1acfb7bf27236052fa1370337b8c82579",
        "is_verified": false,
        "line_number": 25
      }
    ],
    "ray_results/ppo_hyperopt/train_func_ccaac_00004_4_2025-03-05_04-18-29/params.json": [
      {
        "type": "Base64 High Entropy String",
        "filename": "ray_results/ppo_hyperopt/train_func_ccaac_00004_4_2025-03-05_04-18-29/params.json",
        "hashed_secret": "7691f3f1acfb7bf27236052fa1370337b8c82579",
        "is_verified": false,
        "line_number": 25
      }
    ],
    "ray_results/ppo_hyperopt/train_func_ccaac_00005_5_2025-03-05_04-18-30/params.json": [
      {
        "type": "Base64 High Entropy String",
        "filename": "ray_results/ppo_hyperopt/train_func_ccaac_00005_5_2025-03-05_04-18-30/params.json",
        "hashed_secret": "7691f3f1acfb7bf27236052fa1370337b8c82579",
        "is_verified": false,
        "line_number": 25
      }
    ],
    "ray_results/ppo_hyperopt/train_func_ccaac_00006_6_2025-03-05_04-18-31/params.json": [
      {
        "type": "Base64 High Entropy String",
        "filename": "ray_results/ppo_hyperopt/train_func_ccaac_00006_6_2025-03-05_04-18-31/params.json",
        "hashed_secret": "7691f3f1acfb7bf27236052fa1370337b8c82579",
        "is_verified": false,
        "line_number": 25
      }
    ],
    "ray_results/ppo_hyperopt/train_func_ccaac_00007_7_2025-03-05_04-18-31/params.json": [
      {
        "type": "Base64 High Entropy String",
        "filename": "ray_results/ppo_hyperopt/train_func_ccaac_00007_7_2025-03-05_04-18-31/params.json",
        "hashed_secret": "7691f3f1acfb7bf27236052fa1370337b8c82579",
        "is_verified": false,
        "line_number": 25
      }
    ],
    "ray_results/ppo_hyperopt/train_func_ccaac_00008_8_2025-03-05_04-18-32/params.json": [
      {
        "type": "Base64 High Entropy String",
        "filename": "ray_results/ppo_hyperopt/train_func_ccaac_00008_8_2025-03-05_04-18-32/params.json",
        "hashed_secret": "7691f3f1acfb7bf27236052fa1370337b8c82579",
        "is_verified": false,
        "line_number": 25
      }
    ],
    "ray_results/ppo_hyperopt/train_func_ccaac_00009_9_2025-03-05_04-18-32/params.json": [
      {
        "type": "Base64 High Entropy String",
        "filename": "ray_results/ppo_hyperopt/train_func_ccaac_00009_9_2025-03-05_04-18-32/params.json",
        "hashed_secret": "7691f3f1acfb7bf27236052fa1370337b8c82579",
        "is_verified": false,
        "line_number": 25
      }
    ],
    "ray_results/ppo_hyperopt/train_func_f4606_00000_0_2025-03-04_13-53-26/params.json": [
      {
        "type": "Base64 High Entropy String",
        "filename": "ray_results/ppo_hyperopt/train_func_f4606_00000_0_2025-03-04_13-53-26/params.json",
        "hashed_secret": "fdd988d8728c649d7ec9e08322ed629a29716dd0",
        "is_verified": false,
        "line_number": 25
      }
    ],
    "ray_results/ppo_hyperopt/train_func_f4606_00001_1_2025-03-04_13-53-26/params.json": [
      {
        "type": "Base64 High Entropy String",
        "filename": "ray_results/ppo_hyperopt/train_func_f4606_00001_1_2025-03-04_13-53-26/params.json",
        "hashed_secret": "fdd988d8728c649d7ec9e08322ed629a29716dd0",
        "is_verified": false,
        "line_number": 25
      }
    ],
    "ray_results/ppo_hyperopt/train_func_f4606_00002_2_2025-03-04_13-53-26/params.json": [
      {
        "type": "Base64 High Entropy String",
        "filename": "ray_results/ppo_hyperopt/train_func_f4606_00002_2_2025-03-04_13-53-26/params.json",
        "hashed_secret": "fdd988d8728c649d7ec9e08322ed629a29716dd0",
        "is_verified": false,
        "line_number": 25
      }
    ],
    "ray_results/ppo_hyperopt/train_func_f4606_00003_3_2025-03-04_13-53-26/params.json": [
      {
        "type": "Base64 High Entropy String",
        "filename": "ray_results/ppo_hyperopt/train_func_f4606_00003_3_2025-03-04_13-53-26/params.json",
        "hashed_secret": "fdd988d8728c649d7ec9e08322ed629a29716dd0",
        "is_verified": false,
        "line_number": 25
      }
    ],
    "ray_results/ppo_hyperopt/train_func_f4606_00004_4_2025-03-04_13-53-27/params.json": [
      {
        "type": "Base64 High Entropy String",
        "filename": "ray_results/ppo_hyperopt/train_func_f4606_00004_4_2025-03-04_13-53-27/params.json",
        "hashed_secret": "fdd988d8728c649d7ec9e08322ed629a29716dd0",
        "is_verified": false,
        "line_number": 25
      }
    ],
    "ray_results/ppo_hyperopt/train_func_f4606_00005_5_2025-03-04_13-53-27/params.json": [
      {
        "type": "Base64 High Entropy String",
        "filename": "ray_results/ppo_hyperopt/train_func_f4606_00005_5_2025-03-04_13-53-27/params.json",
        "hashed_secret": "fdd988d8728c649d7ec9e08322ed629a29716dd0",
        "is_verified": false,
        "line_number": 25
      }
    ],
    "ray_results/ppo_hyperopt/train_func_f4606_00006_6_2025-03-04_13-53-27/params.json": [
      {
        "type": "Base64 High Entropy String",
        "filename": "ray_results/ppo_hyperopt/train_func_f4606_00006_6_2025-03-04_13-53-27/params.json",
        "hashed_secret": "fdd988d8728c649d7ec9e08322ed629a29716dd0",
        "is_verified": false,
        "line_number": 25
      }
    ],
    "ray_results/ppo_hyperopt/train_func_f4606_00007_7_2025-03-04_13-53-27/params.json": [
      {
        "type": "Base64 High Entropy String",
        "filename": "ray_results/ppo_hyperopt/train_func_f4606_00007_7_2025-03-04_13-53-27/params.json",
        "hashed_secret": "fdd988d8728c649d7ec9e08322ed629a29716dd0",
        "is_verified": false,
        "line_number": 25
      }
    ],
    "ray_results/ppo_hyperopt/train_func_f4606_00008_8_2025-03-04_13-53-28/params.json": [
      {
        "type": "Base64 High Entropy String",
        "filename": "ray_results/ppo_hyperopt/train_func_f4606_00008_8_2025-03-04_13-53-28/params.json",
        "hashed_secret": "fdd988d8728c649d7ec9e08322ed629a29716dd0",
        "is_verified": false,
        "line_number": 25
      }
    ],
    "ray_results/ppo_hyperopt/train_func_f4606_00009_9_2025-03-04_13-53-28/params.json": [
      {
        "type": "Base64 High Entropy String",
        "filename": "ray_results/ppo_hyperopt/train_func_f4606_00009_9_2025-03-04_13-53-28/params.json",
        "hashed_secret": "fdd988d8728c649d7ec9e08322ed629a29716dd0",
        "is_verified": false,
        "line_number": 25
      }
    ],
    "ray_results/ppo_hyperopt/train_func_f8dd3_00000_0_2025-03-04_22-43-16/params.json": [
      {
        "type": "Base64 High Entropy String",
        "filename": "ray_results/ppo_hyperopt/train_func_f8dd3_00000_0_2025-03-04_22-43-16/params.json",
        "hashed_secret": "b222545b556fdfcb3da76d8d991914a698d9e95f",
        "is_verified": false,
        "line_number": 25
      }
    ],
    "ray_results/ppo_hyperopt/train_func_f8dd3_00001_1_2025-03-04_22-43-17/params.json": [
      {
        "type": "Base64 High Entropy String",
        "filename": "ray_results/ppo_hyperopt/train_func_f8dd3_00001_1_2025-03-04_22-43-17/params.json",
        "hashed_secret": "b222545b556fdfcb3da76d8d991914a698d9e95f",
        "is_verified": false,
        "line_number": 25
      }
    ],
    "ray_results/ppo_hyperopt/train_func_f8dd3_00002_2_2025-03-04_22-43-17/params.json": [
      {
        "type": "Base64 High Entropy String",
        "filename": "ray_results/ppo_hyperopt/train_func_f8dd3_00002_2_2025-03-04_22-43-17/params.json",
        "hashed_secret": "b222545b556fdfcb3da76d8d991914a698d9e95f",
        "is_verified": false,
        "line_number": 25
      }
    ],
    "ray_results/ppo_hyperopt/train_func_f8dd3_00003_3_2025-03-04_22-43-17/params.json": [
      {
        "type": "Base64 High Entropy String",
        "filename": "ray_results/ppo_hyperopt/train_func_f8dd3_00003_3_2025-03-04_22-43-17/params.json",
        "hashed_secret": "b222545b556fdfcb3da76d8d991914a698d9e95f",
        "is_verified": false,
        "line_number": 25
      }
    ],
    "ray_results/ppo_hyperopt/train_func_f8dd3_00004_4_2025-03-04_22-43-18/params.json": [
      {
        "type": "Base64 High Entropy String",
        "filename": "ray_results/ppo_hyperopt/train_func_f8dd3_00004_4_2025-03-04_22-43-18/params.json",
        "hashed_secret": "b222545b556fdfcb3da76d8d991914a698d9e95f",
        "is_verified": false,
        "line_number": 25
      }
    ],
    "ray_results/ppo_hyperopt/train_func_f8dd3_00005_5_2025-03-04_22-43-18/params.json": [
      {
        "type": "Base64 High Entropy String",
        "filename": "ray_results/ppo_hyperopt/train_func_f8dd3_00005_5_2025-03-04_22-43-18/params.json",
        "hashed_secret": "b222545b556fdfcb3da76d8d991914a698d9e95f",
        "is_verified": false,
        "line_number": 25
      }
    ],
    "ray_results/ppo_hyperopt/train_func_f8dd3_00006_6_2025-03-04_22-43-18/params.json": [
      {
        "type": "Base64 High Entropy String",
        "filename": "ray_results/ppo_hyperopt/train_func_f8dd3_00006_6_2025-03-04_22-43-18/params.json",
        "hashed_secret": "b222545b556fdfcb3da76d8d991914a698d9e95f",
        "is_verified": false,
        "line_number": 25
      }
    ],
    "ray_results/ppo_hyperopt/train_func_f8dd3_00007_7_2025-03-04_22-43-19/params.json": [
      {
        "type": "Base64 High Entropy String",
        "filename": "ray_results/ppo_hyperopt/train_func_f8dd3_00007_7_2025-03-04_22-43-19/params.json",
        "hashed_secret": "b222545b556fdfcb3da76d8d991914a698d9e95f",
        "is_verified": false,
        "line_number": 25
      }
    ],
    "ray_results/ppo_hyperopt/train_func_f8dd3_00008_8_2025-03-04_22-43-19/params.json": [
      {
        "type": "Base64 High Entropy String",
        "filename": "ray_results/ppo_hyperopt/train_func_f8dd3_00008_8_2025-03-04_22-43-19/params.json",
        "hashed_secret": "b222545b556fdfcb3da76d8d991914a698d9e95f",
        "is_verified": false,
        "line_number": 25
      }
    ],
    "ray_results/ppo_hyperopt/train_func_f8dd3_00009_9_2025-03-04_22-43-19/params.json": [
      {
        "type": "Base64 High Entropy String",
        "filename": "ray_results/ppo_hyperopt/train_func_f8dd3_00009_9_2025-03-04_22-43-19/params.json",
        "hashed_secret": "b222545b556fdfcb3da76d8d991914a698d9e95f",
        "is_verified": false,
        "line_number": 25
      }
    ],
    "tests/deployment/test_audit_logger.py": [
      {
        "type": "Secret Keyword",
        "filename": "tests/deployment/test_audit_logger.py",
        "hashed_secret": "ce4988d9a1a5fc92aba41578fe811b76c92ad01d",
        "is_verified": false,
        "line_number": 402
      },
      {
        "type": "Secret Keyword",
        "filename": "tests/deployment/test_audit_logger.py",
        "hashed_secret": "a75b40f82b9b04303cfd0ea552dbbd2ac183c524",
        "is_verified": false,
        "line_number": 412
      },
      {
        "type": "Secret Keyword",
        "filename": "tests/deployment/test_audit_logger.py",
        "hashed_secret": "74fbd5752be6c5fcea7e6ce1d445ec0e31017326",
        "is_verified": false,
        "line_number": 422
      },
      {
        "type": "Secret Keyword",
        "filename": "tests/deployment/test_audit_logger.py",
        "hashed_secret": "e5e9fa1ba31ecd1ae84f75caaa474f3a663f05f4",
        "is_verified": false,
        "line_number": 444
      },
      {
        "type": "Secret Keyword",
        "filename": "tests/deployment/test_audit_logger.py",
        "hashed_secret": "00cafd126182e8a9e7c01bb2f0dfd00496be724f",
        "is_verified": false,
        "line_number": 457
      },
      {
        "type": "Secret Keyword",
        "filename": "tests/deployment/test_audit_logger.py",
        "hashed_secret": "c636e8e238fd7af97e2e500f8c6f0f4c0bedafb0",
        "is_verified": false,
        "line_number": 458
      }
    ],
    "tests/deployment/test_secrets.py": [
      {
        "type": "Secret Keyword",
        "filename": "tests/deployment/test_secrets.py",
        "hashed_secret": "f514a018f63030cf5c50d8e646fbc581111ab9ed",
        "is_verified": false,
        "line_number": 198
      },
      {
        "type": "Secret Keyword",
        "filename": "tests/deployment/test_secrets.py",
        "hashed_secret": "98360beafeae6a09218409287096170bf5ff36a3",
        "is_verified": false,
        "line_number": 200
      },
      {
        "type": "Secret Keyword",
        "filename": "tests/deployment/test_secrets.py",
        "hashed_secret": "116a5db196eec075f30ff350e7442588b0550694",
        "is_verified": false,
        "line_number": 206
      },
      {
        "type": "Secret Keyword",
        "filename": "tests/deployment/test_secrets.py",
        "hashed_secret": "97440caf7024f0078872dfa56ff85ab6950a06f7",
        "is_verified": false,
        "line_number": 208
      },
      {
        "type": "Secret Keyword",
        "filename": "tests/deployment/test_secrets.py",
        "hashed_secret": "8398f81a01c7dc1aa0393fa13f16f57886538d60",
        "is_verified": false,
        "line_number": 212
      },
      {
        "type": "Secret Keyword",
        "filename": "tests/deployment/test_secrets.py",
        "hashed_secret": "cfd0579a8c12689242bd60016e8e0b6f4ce5470b",
        "is_verified": false,
        "line_number": 214
      },
      {
        "type": "Secret Keyword",
        "filename": "tests/deployment/test_secrets.py",
        "hashed_secret": "955c5217c5fbbbeac3908c66b95297385867bd22",
        "is_verified": false,
        "line_number": 240
      }
    ],
    "tests/test_week78_observability.py": [
      {
        "type": "Secret Keyword",
        "filename": "tests/test_week78_observability.py",
        "hashed_secret": "a874bb6f2cf6d8626be6407aab9411b9fbc621fe",
        "is_verified": false,
        "line_number": 393
      },
      {
        "type": "Hex High Entropy String",
        "filename": "tests/test_week78_observability.py",
        "hashed_secret": "58ac79eea601c6cf177cf1afccdf4b2c00a52938",
        "is_verified": false,
        "line_number": 398
      },
      {
        "type": "Secret Keyword",
        "filename": "tests/test_week78_observability.py",
        "hashed_secret": "58ac79eea601c6cf177cf1afccdf4b2c00a52938",
        "is_verified": false,
        "line_number": 398
      },
      {
        "type": "Secret Keyword",
        "filename": "tests/test_week78_observability.py",
        "hashed_secret": "9052e7fa614a6b9c0d03ee81318d4b04088a2c18",
        "is_verified": false,
        "line_number": 436
      },
      {
        "type": "Secret Keyword",
        "filename": "tests/test_week78_observability.py",
        "hashed_secret": "efe7da015ebec735a61feef866086dd767c18fff",
        "is_verified": false,
        "line_number": 449
      },
      {
        "type": "Secret Keyword",
        "filename": "tests/test_week78_observability.py",
        "hashed_secret": "e5e9fa1ba31ecd1ae84f75caaa474f3a663f05f4",
        "is_verified": false,
        "line_number": 487
      }
    ],
    "training/hpc/slurm_generator.py": [
      {
        "type": "Secret Keyword",
        "filename": "training/hpc/slurm_generator.py",
        "hashed_secret": "0abe57387ac0161c40385275566ca9aab25045db",
        "is_verified": false,
        "line_number": 199
      }
    ]
  },
  "generated_at": "2026-04-23T11:36:22Z"
}
